remote: error: GH013: Repository rule violations found for refs/heads/main.        
remote: 
remote: - GITHUB PUSH PROTECTION        
remote:   ΓÇöΓÇöΓÇöΓÇöΓÇöΓÇöΓÇöΓÇöΓÇöΓÇöΓÇöΓÇöΓÇöΓÇöΓÇöΓÇöΓÇöΓÇöΓÇöΓÇöΓÇöΓÇöΓÇöΓÇöΓÇöΓÇöΓÇöΓÇöΓÇöΓÇöΓÇöΓÇöΓÇöΓÇöΓÇöΓÇöΓÇöΓÇöΓÇöΓÇöΓÇö        
remote:     Resolve the following violations before pushing again        
remote: 
remote:     - Push cannot contain secrets        
remote: 
remote:             
remote:      (?) Learn how to resolve a blocked push        
remote:      https://docs.github.com/code-security/secret-scanning/working-with-secret-scanning-and-push-protection/working-with-push-protection-from-the-command-line#resolving-a-blocked-push        
remote:             
remote:             
remote:       ΓÇöΓÇö Google OAuth Client ID ΓÇöΓÇöΓÇöΓÇöΓÇöΓÇöΓÇöΓÇöΓÇöΓÇöΓÇöΓÇöΓÇöΓÇöΓÇöΓÇöΓÇöΓÇöΓÇöΓÇöΓÇöΓÇöΓÇöΓÇöΓÇöΓÇöΓÇöΓÇö        
remote:        locations:        
remote:          - commit: a9138b1e0b3298ad78cdf34de217b21e53a3a52b        
remote:            path: backend/demo/src/main/resources/application.properties:33        
remote:             
remote:        (?) To push, remove secret from commit(s) or follow this URL to allow the secret.        
remote:        https://github.com/Himanshuvats179/Lovely_Travels/security/secret-scanning/unblock-secret/3BONwo9VWEmv6CttjRXGYj6QJ7X        
remote:             
remote:             
remote:       ΓÇöΓÇö Google OAuth Client Secret ΓÇöΓÇöΓÇöΓÇöΓÇöΓÇöΓÇöΓÇöΓÇöΓÇöΓÇöΓÇöΓÇöΓÇöΓÇöΓÇöΓÇöΓÇöΓÇöΓÇöΓÇöΓÇöΓÇöΓÇö        
remote:        locations:        
remote:          - commit: a9138b1e0b3298ad78cdf34de217b21e53a3a52b        
remote:            path: backend/demo/src/main/resources/application.properties:34        
remote:             
remote:        (?) To push, remove secret from commit(s) or follow this URL to allow the secret.        
remote:        https://github.com/Himanshuvats179/Lovely_Travels/security/secret-scanning/unblock-secret/3BONws7JDRGTJyhsW7nxh50SaDD        
remote:             
remote: 
remote: 
To https://github.com/Himanshuvats179/Lovely_Travels.git
 ! [remote rejected] main -> main (push declined due to repository rule violations)
error: failed to push some refs to 'https://github.com/Himanshuvats179/Lovely_Travels.git'
